\BOOKMARK [0][-]{chapter*.1}{\376\377\000A\000B\000S\000T\000R\000A\000C\000T}{}% 1
\BOOKMARK [0][-]{chapter*.2}{\376\377\000A\000C\000K\000N\000O\000W\000L\000E\000D\000G\000E\000M\000E\000N\000T}{}% 2
\BOOKMARK [0][-]{section*.3}{\376\377\000L\000I\000S\000T\000\040\000O\000F\000\040\000T\000A\000B\000L\000E\000S}{}% 3
\BOOKMARK [0][-]{section*.4}{\376\377\000L\000I\000S\000T\000\040\000O\000F\000\040\000F\000I\000G\000U\000R\000E\000S}{}% 4
\BOOKMARK [0][-]{chapter*.5}{\376\377\000L\000I\000S\000T\000\040\000O\000F\000\040\000S\000Y\000M\000B\000O\000L\000S\000\040\000A\000N\000D\000\040\000A\000B\000B\000R\000E\000V\000I\000A\000T\000I\000O\000N\000S}{}% 5
\BOOKMARK [0][-]{chapter.1}{\376\377\000I\000N\000T\000R\000O\000D\000U\000C\000T\000I\000O\000N}{}% 6
\BOOKMARK [1][-]{section.1.1}{\376\377\000B\000A\000C\000K\000G\000R\000O\000U\000N\000D}{chapter.1}% 7
\BOOKMARK [1][-]{section.1.2}{\376\377\000M\000O\000T\000I\000V\000A\000T\000I\000O\000N}{chapter.1}% 8
\BOOKMARK [1][-]{section.1.3}{\376\377\000P\000R\000O\000B\000L\000E\000M\000\040\000S\000T\000A\000T\000E\000M\000E\000N\000T}{chapter.1}% 9
\BOOKMARK [1][-]{section.1.4}{\376\377\000R\000E\000S\000E\000A\000R\000C\000H\000\040\000G\000A\000P}{chapter.1}% 10
\BOOKMARK [1][-]{section.1.5}{\376\377\000O\000B\000J\000E\000C\000T\000I\000V\000E\000S}{chapter.1}% 11
\BOOKMARK [1][-]{section.1.6}{\376\377\000S\000C\000O\000P\000E\000\040\000A\000N\000D\000\040\000O\000R\000G\000A\000N\000I\000S\000A\000T\000I\000O\000N\000\040\000O\000F\000\040\000T\000H\000E\000\040\000R\000E\000P\000O\000R\000T}{chapter.1}% 12
\BOOKMARK [0][-]{chapter.2}{\376\377\000L\000I\000T\000E\000R\000A\000T\000U\000R\000E\000\040\000R\000E\000V\000I\000E\000W}{}% 13
\BOOKMARK [1][-]{section.2.1}{\376\377\000S\000T\000A\000T\000E\000\040\000E\000S\000T\000I\000M\000A\000T\000I\000O\000N\000\040\000I\000N\000\040\000T\000H\000E\000\040\000B\000A\000T\000T\000E\000R\000Y\000\040\000M\000A\000N\000A\000G\000E\000M\000E\000N\000T\000\040\000S\000Y\000S\000T\000E\000M}{chapter.2}% 14
\BOOKMARK [1][-]{section.2.2}{\376\377\000D\000A\000T\000A\000-\000D\000R\000I\000V\000E\000N\000\040\000S\000O\000H\000\040\000E\000S\000T\000I\000M\000A\000T\000I\000O\000N\000\040\000A\000N\000D\000\040\000H\000O\000W\000\040\000I\000T\000\040\000I\000S\000\040\000V\000A\000L\000I\000D\000A\000T\000E\000D}{chapter.2}% 15
\BOOKMARK [1][-]{section.2.3}{\376\377\000D\000I\000S\000C\000H\000A\000R\000G\000E\000-\000C\000U\000R\000V\000E\000\040\000A\000N\000A\000L\000Y\000S\000I\000S}{chapter.2}% 16
\BOOKMARK [1][-]{section.2.4}{\376\377\000R\000E\000M\000A\000I\000N\000I\000N\000G\000\040\000U\000S\000E\000F\000U\000L\000\040\000L\000I\000F\000E\000\040\000P\000R\000O\000G\000N\000O\000S\000T\000I\000C\000S}{chapter.2}% 17
\BOOKMARK [1][-]{section.2.5}{\376\377\000P\000U\000B\000L\000I\000C\000\040\000D\000A\000T\000A\000S\000E\000T\000S\000\040\000U\000S\000E\000D}{chapter.2}% 18
\BOOKMARK [1][-]{section.2.6}{\376\377\000T\000E\000L\000E\000M\000E\000T\000R\000Y\000\040\000A\000C\000Q\000U\000I\000S\000I\000T\000I\000O\000N\000\040\000I\000N\000\040\000V\000E\000H\000I\000C\000L\000E\000S\000\040\000A\000N\000D\000\040\000O\000N\000\040\000T\000H\000E\000\040\000B\000E\000N\000C\000H}{chapter.2}% 19
\BOOKMARK [1][-]{section.2.7}{\376\377\000P\000O\000S\000I\000T\000I\000O\000N\000I\000N\000G\000\040\000O\000F\000\040\000T\000H\000I\000S\000\040\000W\000O\000R\000K}{chapter.2}% 20
\BOOKMARK [1][-]{section.2.8}{\376\377\000S\000U\000M\000M\000A\000R\000Y}{chapter.2}% 21
\BOOKMARK [0][-]{chapter.3}{\376\377\000M\000E\000T\000H\000O\000D\000O\000L\000O\000G\000Y\000\040\000/\000\040\000S\000Y\000S\000T\000E\000M\000\040\000D\000E\000S\000I\000G\000N}{}% 22
\BOOKMARK [1][-]{section.3.1}{\376\377\000P\000R\000O\000B\000L\000E\000M\000\040\000A\000N\000D\000\040\000D\000E\000S\000I\000G\000N\000\040\000O\000B\000J\000E\000C\000T\000I\000V\000E}{chapter.3}% 23
\BOOKMARK [2][-]{subsection.3.1.1}{\376\377\000R\000e\000s\000e\000a\000r\000c\000h\000\040\000V\000a\000r\000i\000a\000b\000l\000e\000s}{section.3.1}% 24
\BOOKMARK [1][-]{section.3.2}{\376\377\000O\000V\000E\000R\000A\000L\000L\000\040\000S\000Y\000S\000T\000E\000M\000\040\000F\000R\000A\000M\000E\000W\000O\000R\000K}{chapter.3}% 25
\BOOKMARK [2][-]{subsection.3.2.1}{\376\377\000O\000n\000e\000\040\000S\000c\000o\000r\000i\000n\000g\000\040\000P\000a\000t\000h\000,\000\040\000E\000x\000t\000r\000a\000c\000t\000e\000d\000\040\000R\000a\000t\000h\000e\000r\000\040\000T\000h\000a\000n\000\040\000C\000o\000p\000i\000e\000d}{section.3.2}% 26
\BOOKMARK [1][-]{section.3.3}{\376\377\000D\000A\000T\000A\000S\000E\000T\000S}{chapter.3}% 27
\BOOKMARK [1][-]{section.3.4}{\376\377\000F\000R\000O\000M\000\040\000T\000E\000L\000E\000M\000E\000T\000R\000Y\000\040\000T\000O\000\040\000D\000I\000S\000C\000H\000A\000R\000G\000E\000S}{chapter.3}% 28
\BOOKMARK [1][-]{section.3.5}{\376\377\000V\000O\000L\000T\000A\000G\000E\000-\000W\000I\000N\000D\000O\000W\000\040\000S\000T\000A\000T\000E\000\040\000O\000F\000\040\000H\000E\000A\000L\000T\000H}{chapter.3}% 29
\BOOKMARK [1][-]{section.3.6}{\376\377\000R\000E\000S\000I\000S\000T\000A\000N\000C\000E\000\040\000F\000R\000O\000M\000\040\000T\000H\000E\000\040\000L\000O\000A\000D\000\040\000S\000T\000E\000P\000\040\000A\000N\000D\000\040\000O\000H\000M\000I\000C\000\040\000C\000O\000R\000R\000E\000C\000T\000I\000O\000N}{chapter.3}% 30
\BOOKMARK [1][-]{section.3.7}{\376\377\000G\000A\000T\000E\000S}{chapter.3}% 31
\BOOKMARK [1][-]{section.3.8}{\376\377\000L\000E\000A\000R\000N\000E\000D\000\040\000W\000I\000N\000D\000O\000W\000S\000\040\000F\000O\000R\000\040\000P\000A\000R\000T\000I\000A\000L\000\040\000D\000I\000S\000C\000H\000A\000R\000G\000E\000S}{chapter.3}% 32
\BOOKMARK [1][-]{section.3.9}{\376\377\000R\000E\000M\000A\000I\000N\000I\000N\000G\000\040\000U\000S\000E\000F\000U\000L\000\040\000L\000I\000F\000E\000\040\000F\000R\000O\000M\000\040\000T\000H\000E\000\040\000C\000E\000L\000L\000'\000S\000\040\000O\000W\000N\000\040\000F\000A\000D\000E}{chapter.3}% 33
\BOOKMARK [1][-]{section.3.10}{\376\377\000E\000V\000I\000D\000E\000N\000C\000E\000\040\000S\000U\000F\000F\000I\000C\000I\000E\000N\000C\000Y}{chapter.3}% 34
\BOOKMARK [1][-]{section.3.11}{\376\377\000B\000E\000H\000A\000V\000I\000O\000U\000R\000\040\000S\000C\000O\000R\000I\000N\000G\000\040\000L\000A\000Y\000E\000R\000\040\000\050\000H\000E\000U\000R\000I\000S\000T\000I\000C\000\051}{chapter.3}% 35
\BOOKMARK [1][-]{section.3.12}{\376\377\000V\000A\000L\000I\000D\000A\000T\000I\000O\000N\000\040\000P\000R\000O\000T\000O\000C\000O\000L}{chapter.3}% 36
\BOOKMARK [1][-]{section.3.13}{\376\377\000E\000V\000A\000L\000U\000A\000T\000I\000O\000N\000\040\000M\000E\000T\000R\000I\000C\000S}{chapter.3}% 37
\BOOKMARK [1][-]{section.3.14}{\376\377\000E\000X\000P\000E\000R\000I\000M\000E\000N\000T\000A\000L\000\040\000C\000O\000N\000T\000R\000O\000L\000S\000\040\000A\000N\000D\000\040\000R\000E\000P\000R\000O\000D\000U\000C\000I\000B\000I\000L\000I\000T\000Y}{chapter.3}% 38
\BOOKMARK [0][-]{chapter.4}{\376\377\000I\000M\000P\000L\000E\000M\000E\000N\000T\000A\000T\000I\000O\000N\000\040\000A\000N\000D\000\040\000D\000E\000P\000L\000O\000Y\000M\000E\000N\000T}{}% 39
\BOOKMARK [1][-]{section.4.1}{\376\377\000I\000M\000P\000L\000E\000M\000E\000N\000T\000A\000T\000I\000O\000N\000\040\000O\000V\000E\000R\000V\000I\000E\000W}{chapter.4}% 40
\BOOKMARK [1][-]{section.4.2}{\376\377\000D\000E\000V\000E\000L\000O\000P\000M\000E\000N\000T\000\040\000E\000N\000V\000I\000R\000O\000N\000M\000E\000N\000T\000\040\000A\000N\000D\000\040\000T\000O\000O\000L\000S}{chapter.4}% 41
\BOOKMARK [1][-]{section.4.3}{\376\377\000C\000O\000D\000E\000\040\000O\000R\000G\000A\000N\000I\000S\000A\000T\000I\000O\000N}{chapter.4}% 42
\BOOKMARK [1][-]{section.4.4}{\376\377\000T\000E\000L\000E\000M\000E\000T\000R\000Y\000\040\000A\000C\000Q\000U\000I\000S\000I\000T\000I\000O\000N\000:\000\040\000T\000H\000R\000E\000E\000\040\000T\000R\000A\000N\000S\000P\000O\000R\000T\000S\000,\000\040\000O\000N\000E\000\040\000F\000R\000A\000M\000E}{chapter.4}% 43
\BOOKMARK [2][-]{subsection.4.4.1}{\376\377\000T\000h\000e\000\040\000S\000e\000a\000m\000\040\000I\000s\000\040\000N\000a\000r\000r\000o\000w}{section.4.4}% 44
\BOOKMARK [1][-]{section.4.5}{\376\377\000S\000E\000R\000I\000A\000L\000\040\000W\000I\000R\000E\000\040\000P\000R\000O\000T\000O\000C\000O\000L}{chapter.4}% 45
\BOOKMARK [2][-]{subsection.4.5.1}{\376\377\000F\000r\000a\000m\000i\000n\000g\000\040\000b\000y\000\040\000S\000e\000n\000t\000i\000n\000e\000l}{section.4.5}% 46
\BOOKMARK [2][-]{subsection.4.5.2}{\376\377\000E\000r\000r\000o\000r\000\040\000D\000e\000t\000e\000c\000t\000i\000o\000n}{section.4.5}% 47
\BOOKMARK [2][-]{subsection.4.5.3}{\376\377\000C\000h\000a\000n\000n\000e\000l\000\040\000U\000t\000i\000l\000i\000s\000a\000t\000i\000o\000n}{section.4.5}% 48
\BOOKMARK [1][-]{section.4.6}{\376\377\000R\000E\000F\000U\000S\000A\000L\000\040\000G\000A\000T\000E\000S}{chapter.4}% 49
\BOOKMARK [1][-]{section.4.7}{\376\377\000H\000A\000R\000D\000W\000A\000R\000E\000\040\000B\000E\000N\000C\000H\000\040\000R\000I\000G}{chapter.4}% 50
\BOOKMARK [2][-]{subsection.4.7.1}{\376\377\000R\000e\000q\000u\000i\000r\000e\000m\000e\000n\000t\000\040\000a\000n\000d\000\040\000D\000e\000s\000i\000g\000n\000\040\000C\000a\000l\000c\000u\000l\000a\000t\000i\000o\000n\000s}{section.4.7}% 51
\BOOKMARK [2][-]{subsection.4.7.2}{\376\377\000A\000s\000-\000B\000u\000i\000l\000t\000\040\000R\000i\000g}{section.4.7}% 52
\BOOKMARK [2][-]{subsection.4.7.3}{\376\377\000F\000i\000r\000m\000w\000a\000r\000e}{section.4.7}% 53
\BOOKMARK [2][-]{subsection.4.7.4}{\376\377\000B\000r\000i\000n\000g\000-\000U\000p\000\040\000P\000r\000o\000c\000e\000d\000u\000r\000e}{section.4.7}% 54
\BOOKMARK [1][-]{section.4.8}{\376\377\000S\000E\000R\000V\000I\000C\000E\000\040\000T\000I\000E\000R\000:\000\040\000R\000E\000S\000T\000\040\000A\000P\000I\000,\000\040\000G\000A\000T\000E\000W\000A\000Y\000\040\000A\000N\000D\000\040\000D\000A\000S\000H\000B\000O\000A\000R\000D}{chapter.4}% 55
\BOOKMARK [1][-]{section.4.9}{\376\377\000H\000E\000A\000L\000T\000H\000\040\000R\000E\000P\000O\000R\000T\000\040\000C\000A\000R\000D}{chapter.4}% 56
\BOOKMARK [1][-]{section.4.10}{\376\377\000T\000E\000S\000T\000I\000N\000G\000,\000\040\000C\000O\000N\000T\000I\000N\000U\000O\000U\000S\000\040\000I\000N\000T\000E\000G\000R\000A\000T\000I\000O\000N\000\040\000A\000N\000D\000\040\000R\000E\000P\000R\000O\000D\000U\000C\000I\000B\000I\000L\000I\000T\000Y}{chapter.4}% 57
\BOOKMARK [1][-]{section.4.11}{\376\377\000C\000O\000N\000T\000A\000I\000N\000E\000R\000I\000S\000A\000T\000I\000O\000N\000\040\000A\000N\000D\000\040\000D\000E\000P\000L\000O\000Y\000M\000E\000N\000T}{chapter.4}% 58
\BOOKMARK [1][-]{section.4.12}{\376\377\000C\000H\000A\000P\000T\000E\000R\000\040\000S\000U\000M\000M\000A\000R\000Y}{chapter.4}% 59
\BOOKMARK [0][-]{chapter.5}{\376\377\000R\000E\000S\000U\000L\000T\000S\000\040\000A\000N\000D\000\040\000D\000I\000S\000C\000U\000S\000S\000I\000O\000N}{}% 60
\BOOKMARK [1][-]{section.5.1}{\376\377\000F\000I\000T\000T\000E\000D\000\040\000M\000O\000D\000E\000L\000S\000\040\000D\000O\000\040\000N\000O\000T\000\040\000S\000U\000R\000V\000I\000V\000E\000\040\000A\000\040\000C\000H\000A\000N\000G\000E\000\040\000O\000F\000\040\000P\000R\000O\000T\000O\000C\000O\000L}{chapter.5}% 61
\BOOKMARK [1][-]{section.5.2}{\376\377\000F\000I\000E\000L\000D\000\040\000S\000O\000H\000\040\000F\000R\000O\000M\000\040\000V\000O\000L\000T\000A\000G\000E\000,\000\040\000C\000U\000R\000R\000E\000N\000T\000\040\000A\000N\000D\000\040\000T\000I\000M\000E}{chapter.5}% 62
\BOOKMARK [1][-]{section.5.3}{\376\377\000P\000A\000R\000T\000I\000A\000L\000\040\000D\000I\000S\000C\000H\000A\000R\000G\000E\000S}{chapter.5}% 63
\BOOKMARK [1][-]{section.5.4}{\376\377\000R\000E\000S\000I\000S\000T\000A\000N\000C\000E\000\040\000T\000R\000A\000C\000K\000S\000\040\000T\000H\000E\000\040\000I\000N\000S\000T\000R\000U\000M\000E\000N\000T}{chapter.5}% 64
\BOOKMARK [1][-]{section.5.5}{\376\377\000R\000E\000M\000A\000I\000N\000I\000N\000G\000\040\000U\000S\000E\000F\000U\000L\000\040\000L\000I\000F\000E}{chapter.5}% 65
\BOOKMARK [1][-]{section.5.6}{\376\377\000R\000U\000L\000\040\000W\000H\000E\000N\000\040\000C\000O\000M\000P\000L\000E\000T\000E\000\040\000D\000I\000S\000C\000H\000A\000R\000G\000E\000S\000\040\000A\000R\000E\000\040\000R\000A\000R\000E}{chapter.5}% 66
\BOOKMARK [1][-]{section.5.7}{\376\377\000W\000H\000E\000N\000\040\000T\000H\000E\000\040\000E\000V\000I\000D\000E\000N\000C\000E\000\040\000S\000U\000F\000F\000I\000C\000E\000S}{chapter.5}% 67
\BOOKMARK [1][-]{section.5.8}{\376\377\000E\000X\000T\000E\000R\000N\000A\000L\000\040\000V\000A\000L\000I\000D\000A\000T\000I\000O\000N\000\040\000O\000N\000\040\000A\000\040\000S\000E\000C\000O\000N\000D\000\040\000D\000A\000T\000A\000S\000E\000T}{chapter.5}% 68
\BOOKMARK [1][-]{section.5.9}{\376\377\000A\000\040\000T\000H\000I\000R\000D\000\040\000D\000A\000T\000A\000S\000E\000T\000\040\000A\000N\000D\000\040\000K\000N\000O\000W\000I\000N\000G\000\040\000W\000H\000E\000N\000\040\000T\000O\000\040\000R\000E\000F\000U\000S\000E}{chapter.5}% 69
\BOOKMARK [1][-]{section.5.10}{\376\377\000S\000Y\000S\000T\000E\000M\000\040\000A\000N\000D\000\040\000H\000A\000R\000D\000W\000A\000R\000E\000\040\000R\000E\000S\000U\000L\000T\000S}{chapter.5}% 70
\BOOKMARK [2][-]{subsection.5.10.1}{\376\377\000B\000e\000n\000c\000h\000\040\000R\000i\000g\000\040\000C\000a\000p\000t\000u\000r\000e\000s}{section.5.10}% 71
\BOOKMARK [2][-]{subsection.5.10.2}{\376\377\000F\000a\000u\000l\000t\000\040\000I\000n\000j\000e\000c\000t\000i\000o\000n}{section.5.10}% 72
\BOOKMARK [2][-]{subsection.5.10.3}{\376\377\000W\000h\000a\000t\000\040\000t\000h\000e\000\040\000H\000a\000r\000d\000w\000a\000r\000e\000\040\000R\000e\000s\000u\000l\000t\000\040\000D\000o\000e\000s\000\040\000a\000n\000d\000\040\000D\000o\000e\000s\000\040\000N\000o\000t\000\040\000S\000h\000o\000w}{section.5.10}% 73
\BOOKMARK [1][-]{section.5.11}{\376\377\000A\000\040\000W\000O\000R\000K\000E\000D\000\040\000E\000X\000A\000M\000P\000L\000E\000:\000\040\000T\000H\000E\000\040\000R\000E\000P\000O\000R\000T\000\040\000C\000A\000R\000D}{chapter.5}% 74
\BOOKMARK [1][-]{section.5.12}{\376\377\000D\000I\000S\000C\000U\000S\000S\000I\000O\000N}{chapter.5}% 75
\BOOKMARK [1][-]{section.5.13}{\376\377\000V\000A\000L\000I\000D\000A\000T\000I\000O\000N\000\040\000S\000U\000M\000M\000A\000R\000Y}{chapter.5}% 76
\BOOKMARK [0][-]{chapter.6}{\376\377\000C\000O\000N\000C\000L\000U\000S\000I\000O\000N\000\040\000A\000N\000D\000\040\000F\000U\000T\000U\000R\000E\000\040\000W\000O\000R\000K}{}% 77
\BOOKMARK [1][-]{section.6.1}{\376\377\000L\000I\000M\000I\000T\000A\000T\000I\000O\000N\000S}{chapter.6}% 78
\BOOKMARK [1][-]{section.6.2}{\376\377\000F\000U\000T\000U\000R\000E\000\040\000W\000O\000R\000K}{chapter.6}% 79
\BOOKMARK [0][-]{chapter*.52}{\376\377\000R\000E\000F\000E\000R\000E\000N\000C\000E\000S}{}% 80
\BOOKMARK [0][-]{appendix*.53}{\376\377\000A\000P\000P\000E\000N\000D\000I\000X\000\040\000A}{}% 81
\BOOKMARK [0][-]{appendix*.55}{\376\377\000A\000P\000P\000E\000N\000D\000I\000X\000\040\000B}{}% 82
